Building for production...
[Computing dependencies]
[Constructing description]
[Pre-planning 1 / 2860]
[Planning 521 / 2860]
[Planning 2709 / 2860]
[Planning deferred tasks]
[Constructing 475 / 7082]
[Constructing 6305 / 7082]
[6 / 212]
[6 / 33] NIOHTTP1
warning: /Users/timc/Developer/Vapor/vapor/Sources/Vapor/HTTP/Server/SocketAddress+NIOHTTPServer.swift:5:10 Need to handle UNIX sockets when HTTP server supports it
[10 / 14] Vapor
warning: /Users/timc/Developer/Vapor/vapor/Sources/Vapor/Multipart/File+Multipart.swift:4:10 Remove
warning: /Users/timc/Developer/Vapor/vapor/Sources/Vapor/Routing/RoutesBuilder.swift:14:10 Find a better way
warning: /Users/timc/Developer/Vapor/vapor/Sources/Vapor/Server/ServerConfiguration+RequestDecompressionConfiguration.swift:1:10 Should this be internal?
warning: /Users/timc/Developer/Vapor/vapor/Sources/Vapor/Utilities/File.swift:6:10 Make this internal
warning: /Users/timc/Developer/Vapor/vapor/Sources/Vapor/Utilities/OptionalType.swift:1:10 Do we need this anymore? Review when validation is updated/reworked
/Users/timc/Developer/Vapor/vapor/Sources/Vapor/HTTP/Server/SocketAddress+NIOHTTPServer.swift:5:10: warning: Need to handle UNIX sockets when HTTP server supports it
 3 | extension SocketAddress {
 4 |     /// Converts an address reported by the underlying HTTP server
 5 | #warning("Need to handle UNIX sockets when HTTP server supports it")
   |          `- warning: Need to handle UNIX sockets when HTTP server supports it
 6 |     init?(_ address: NIOHTTPServer.SocketAddress) {
 7 |         if let ipv4 = address.ipv4 {

/Users/timc/Developer/Vapor/vapor/Sources/Vapor/Multipart/File+Multipart.swift:4:10: warning: Remove
 2 | public import MultipartKit
 3 | public import HTTPTypes
 4 | #warning("Remove")
   |          `- warning: Remove
 5 | import NIOCore
 6 | import NIOFoundationEssentialsCompat

/Users/timc/Developer/Vapor/vapor/Sources/Vapor/Routing/RoutesBuilder.swift:14:10: warning: Find a better way
12 | // That way we don't need this and we can restrict the macros to take `String` or `Int.self`, `String.self`, `UUID.self` etc instead of `Any`
13 | // This would also help Fluent add conformances
14 | #warning("Find a better way")
   |          `- warning: Find a better way
15 | extension UUID: @retroactive Swift.LosslessStr[12 / 15] Vapor
ingConvertible {
16 |     public init?(_ description: String) {

/Users/timc/Developer/Vapor/vapor/Sources/Vapor/Server/ServerConfiguration+RequestDecompressionConfiguration.swift:1:10: warning: Should this be internal?
 1 | #warning("Should this be internal?")
   |          `- warning: Should this be internal?
 2 | public import NIOHTTPCompression
 3 | 

/Users/timc/Developer/Vapor/vapor/Sources/Vapor/Utilities/File.swift:6:10: warning: Make this internal
 4 | import Foundation
 5 | #endif
 6 | #warning("Make this internal")
   |          `- warning: Make this internal
 7 | public import NIOCore
 8 | import NIOFoundationEssentialsCompat

/Users/timc/Developer/Vapor/vapor/Sources/Vapor/Utilities/OptionalType.swift:1:10: warning: Do we need this anymore? Review when validation is updated/reworked
 1 | #warning("Do we need this anymore? Review when validation is updated/reworked")
   |          `- warning: Do we need this anymore? Review when validation is updated/reworked
 2 | 
 3 | /// Capable of being represented by an optional wrapped type.
[16 / 19] PerformanceServer-product
[17 / 20] PerformanceServer-product
[19 / 20] PerformanceServer-product
[20 / 20] PerformanceServer-product
Build complete! (26.84 secs)
