Updating https://github.com/apple/swift-system.git
Updating https://github.com/apple/swift-metrics.git
Updating https://github.com/apple/swift-nio-ssl.git
Updating https://github.com/apple/swift-nio-extras.git
Updating https://github.com/apple/swift-numerics.git
Updating https://github.com/apple/swift-algorithms.git
Updating https://github.com/apple/swift-service-context.git
Updated https://github.com/apple/swift-algorithms.git (0.49s)
Updated https://github.com/apple/swift-numerics.git (0.50s)
Updated https://github.com/apple/swift-nio-extras.git (0.50s)
Updated https://github.com/apple/swift-service-context.git (0.50s)
Updated https://github.com/apple/swift-system.git (0.53s)
Updating https://github.com/vapor/vapor.git
Updated https://github.com/apple/swift-metrics.git (0.53s)
Updated https://github.com/apple/swift-nio-ssl.git (0.53s)
Updating https://github.com/apple/swift-log.git
Updating https://github.com/apple/swift-configuration.git
Updating https://github.com/vapor/console-kit.git
Updating https://github.com/vapor/multipart-kit.git
Updating https://github.com/vapor/websocket-kit.git
Updated https://github.com/vapor/websocket-kit.git (0.47s)
Updated https://github.com/vapor/vapor.git (0.52s)
Updating https://github.com/apple/swift-nio.git
Updated https://github.com/apple/swift-configuration.git (0.54s)
Updated https://github.com/apple/swift-log.git (0.54s)
Updating https://github.com/apple/swift-atomics.git
Updated https://github.com/vapor/console-kit.git (0.54s)
Updating https://github.com/apple/swift-collections.git
Updated https://github.com/vapor/multipart-kit.git (0.98s)
Updating https://github.com/vapor/async-kit.git
Updating https://github.com/apple/swift-certificates.git
Updated https://github.com/apple/swift-atomics.git (0.48s)
Updating https://github.com/apple/swift-distributed-tracing.git
Updated https://github.com/apple/swift-collections.git (0.48s)
Updating https://github.com/apple/swift-async-algorithms.git
Updated https://github.com/apple/swift-nio.git (0.57s)
Updating https://github.com/apple/swift-http-types.git
Updating https://github.com/apple/swift-http-structured-headers.git
Updated https://github.com/vapor/async-kit.git (0.46s)
Updated https://github.com/apple/swift-async-algorithms.git (0.43s)
Updating https://github.com/apple/swift-asn1.git
Updated https://github.com/apple/swift-distributed-tracing.git (0.48s)
Updating https://github.com/apple/swift-nio-http2.git
Updated https://github.com/apple/swift-http-types.git (0.45s)
Updating https://github.com/hummingbird-project/hummingbird.git
Updated https://github.com/apple/swift-asn1.git (0.47s)
Updating https://github.com/apple/swift-crypto.git
Updating https://github.com/swift-server/async-http-client.git
Updated https://github.com/apple/swift-nio-http2.git (0.56s)
Updating https://github.com/swift-server/swift-service-lifecycle.git
Updated https://github.com/apple/swift-certificates.git (1.11s)
Updating https://github.com/apple/swift-nio-transport-services.git
Updated https://github.com/apple/swift-http-structured-headers.git (0.68s)
Updating https://github.com/vapor/routing-kit.git
Updated https://github.com/apple/swift-crypto.git (0.50s)
Updated https://github.com/hummingbird-project/hummingbird.git (0.94s)
Computing version for https://github.com/apple/swift-log.git
Updated https://github.com/swift-server/swift-service-lifecycle.git (0.45s)
Updated https://github.com/swift-server/async-http-client.git (0.48s)
Updated https://github.com/apple/swift-nio-transport-services.git (0.45s)
Computed https://github.com/apple/swift-log.git at 1.15.0 (3.15s)
Computing version for https://github.com/apple/swift-nio.git
Updated https://github.com/vapor/routing-kit.git (0.47s)
Computed https://github.com/apple/swift-nio.git at 2.101.3 (0.57s)
Computing version for https://github.com/hummingbird-project/hummingbird.git
Computed https://github.com/hummingbird-project/hummingbird.git at 2.26.0 (0.06s)
Computing version for https://github.com/vapor/vapor.git
Computed https://github.com/vapor/vapor.git at 4.122.1 (0.06s)
Computing version for https://github.com/apple/swift-system.git
Computed https://github.com/apple/swift-system.git at 1.8.1 (0.05s)
Computing version for https://github.com/apple/swift-collections.git
Computed https://github.com/apple/swift-collections.git at 1.6.0 (0.06s)
Computing version for https://github.com/apple/swift-atomics.git
Computed https://github.com/apple/swift-atomics.git at 1.3.1 (0.04s)
Computing version for https://github.com/swift-server/async-http-client.git
Computed https://github.com/swift-server/async-http-client.git at 1.36.1 (0.06s)
Computing version for https://github.com/swift-server/swift-service-lifecycle.git
Computed https://github.com/swift-server/swift-service-lifecycle.git at 2.12.0 (0.04s)
Computing version for https://github.com/apple/swift-nio-transport-services.git
Computed https://github.com/apple/swift-nio-transport-services.git at 1.28.0 (0.04s)
Computing version for https://github.com/apple/swift-nio-ssl.git
Computed https://github.com/apple/swift-nio-ssl.git at 2.37.4 (0.04s)
Computing version for https://github.com/apple/swift-nio-http2.git
Computed https://github.com/apple/swift-nio-http2.git at 1.46.0 (0.04s)
Computing version for https://github.com/apple/swift-nio-extras.git
Computed https://github.com/apple/swift-nio-extras.git at 1.35.1 (0.05s)
Computing version for https://github.com/apple/swift-metrics.git
Computed https://github.com/apple/swift-metrics.git at 2.11.0 (0.05s)
Computing version for https://github.com/apple/swift-http-types.git
Computed https://github.com/apple/swift-http-types.git at 1.8.0 (0.04s)
Computing version for https://github.com/apple/swift-distributed-tracing.git
Computed https://github.com/apple/swift-distributed-tracing.git at 1.4.1 (0.05s)
Computing version for https://github.com/apple/swift-configuration.git
Computed https://github.com/apple/swift-configuration.git at 1.2.0 (0.04s)
Computing version for https://github.com/apple/swift-async-algorithms.git
Computed https://github.com/apple/swift-async-algorithms.git at 1.1.5 (0.06s)
Computing version for https://github.com/apple/swift-asn1.git
Computed https://github.com/apple/swift-asn1.git at 1.7.2 (0.04s)
Computing version for https://github.com/apple/swift-certificates.git
Computed https://github.com/apple/swift-certificates.git at 1.20.0 (0.04s)
Computing version for https://github.com/vapor/multipart-kit.git
Computed https://github.com/vapor/multipart-kit.git at 4.7.1 (0.07s)
Computing version for https://github.com/vapor/websocket-kit.git
Computed https://github.com/vapor/websocket-kit.git at 2.16.2 (0.07s)
Computing version for https://github.com/apple/swift-algorithms.git
Computed https://github.com/apple/swift-algorithms.git at 1.2.1 (0.05s)
Computing version for https://github.com/apple/swift-service-context.git
Computed https://github.com/apple/swift-service-context.git at 1.3.0 (0.05s)
Computing version for https://github.com/vapor/routing-kit.git
Computed https://github.com/vapor/routing-kit.git at 4.9.3 (0.05s)
Computing version for https://github.com/apple/swift-crypto.git
Computed https://github.com/apple/swift-crypto.git at 4.5.2 (0.05s)
Computing version for https://github.com/vapor/console-kit.git
Computed https://github.com/vapor/console-kit.git at 4.16.1 (0.05s)
Computing version for https://github.com/vapor/async-kit.git
Computed https://github.com/vapor/async-kit.git at 1.22.0 (0.05s)
Computing version for https://github.com/apple/swift-http-structured-headers.git
Computed https://github.com/apple/swift-http-structured-headers.git at 1.7.0 (0.06s)
Computing version for https://github.com/apple/swift-numerics.git
Computed https://github.com/apple/swift-numerics.git at 1.1.1 (0.05s)
Working copy of https://github.com/apple/swift-log.git resolved at 1.15.0
Working copy of https://github.com/apple/swift-nio.git resolved at 2.101.3
Building for production...
[Computing dependencies]
[Provisioning 2 / 145]
[Constructing description]
[Pre-planning 1 / 2888]
[Planning 1 / 2888]
[Planning 1733 / 2888]
[Planning deferred tasks]
[Constructing 1 / 7116]
[Constructing 1686 / 7116]
[Starting]
[1 / 1]
[1 / 214] _NIOFileSystem
[22 / 136] CNIOOpenBSD
[33 / 136] CNIOFreeBSD
[47 / 135] CNIOFreeBSD
[55 / 143] Logging
[61 / 145]
[62 / 145] CNIOLLHTTP
[65 / 145] _NIOBase64
[65 / 145] _NIODataStructures
[67 / 145] NIOConcurrencyHelpers
[75 / 152] NIOCore
[76 / 153] CNIOAtomics
[82 / 157] Logging
[90 / 168] ServiceLifecycle
[96 / 171] RoutingKit
[98 / 170] ServiceLifecycle
[100 / 169] ConsoleKitTerminal
[105 / 173] ConsoleKitCommands
[107 / 174] ConsoleKitCommands
[112 / 177] ConsoleKit
[114 / 176] NIOCore
[123 / 190] NIOEmbedded
[135 / 199]
[138 / 198] NIOFoundationEssentialsCompat
[142 / 199] NIOEmbedded
[146 / 200] NIOPosix
[153 / 208] NIO
[171 / 226] NIOFoundationCompat
[173 / 230] NIOTLS
[182 / 235] NIOFoundationCompat
[186 / 236] NIOTLS
[192 / 243] NIOSOCKS
[198 / 244] AsyncKit
[200 / 243] NIOTransportServices
[202 / 242] NIOHTTP1
[212 / 261] NIOHPACK
[225 / 269]
[226 / 269] NIOSSL
[228 / 268] NIOHTTPTypesHTTP1
[230 / 267] NIOHTTPCompression
[232 / 266] NIOWebSocket
[236 / 267] _NIOFileSystem
[243 / 272] NIOExtras
[251 / 279] NIOFileSystem
[261 / 283] HummingbirdCore
[264 / 284] NIOHPACK
[267 / 286] NIOHTTP2
[271 / 286] WebSocketKit
[273 / 285] HummingbirdCore
[276 / 287] Hummingbird
[278 / 288] NIOHTTP2
[283 / 292] AsyncHTTPClient
[285 / 293] Hummingbird
[288 / 295] HummingbirdPerformanceServer-product
[295 / 302] HummingbirdPerformanceServer-product
[297 / 302] HummingbirdPerformanceServer-product
[297 / 302] AsyncHTTPClient
[302 / 306] Vapor
[304 / 307] Vapor
[307 / 310] Vapor4PerformanceServer-product
[309 / 312] Vapor4PerformanceServer-product
[311 / 312] Vapor4PerformanceServer-product
[312 / 312] Vapor4PerformanceServer-product
[315 / 315] HummingbirdPerformanceServer-product
Build complete! (86.17 secs)
